I'm sorry, but errors were detected in your script. Please correct the
errors listed below, and try again.


File "game/script.rpy", line 48: Line is followed by a block, despite not being a menu choice. Did you forget a colon at the end of the line?
    "scenario : cyberbullying"
                              ^

Ren'Py Version: Ren'Py 8.2.0.24012702
Sat Feb 24 09:01:28 2024
